// Jest Snapshot v1, https://goo.gl/fbAQLP

exports[`Prueba GitGrid debe de mostrarse correctamente 1`] = `
<Fragment>
  <h3>
    One Punch
  </h3>
  <p
    className="animate__animated animate__shakeX"
  >
    Cargando...
  </p>
  <div
    className="card-grid"
  >
    <ol />
  </div>
</Fragment>
`;
